
  .   ____          _            __ _ _
 /\\ / ___'_ __ _ _(_)_ __  __ _ \ \ \ \
( ( )\___ | '_ | '_| | '_ \/ _` | \ \ \ \
 \\/  ___)| |_)| | | | | || (_| |  ) ) ) )
  '  |____| .__|_| |_|_| |_\__, | / / / /
 =========|_|==============|___/=/_/_/_/
 :: Spring Boot ::                (v2.7.6)

2026-05-12 17:56:46.170  INFO 16376 --- [           main] com.project.phm.PhmApplication           : Starting PhmApplication using Java 1.8.0_202 on DESKTOP-JR3C5I5 with PID 16376 (I:\XHR\phm\target\phm-0.0.1-SNAPSHOT.jar started by SunZhongjie in I:\XHR\phm)
2026-05-12 17:56:46.174  INFO 16376 --- [           main] com.project.phm.PhmApplication           : No active profile set, falling back to 1 default profile: "default"
2026-05-12 17:56:47.462  INFO 16376 --- [           main] o.s.b.w.embedded.tomcat.TomcatWebServer  : Tomcat initialized with port(s): 8080 (http)
2026-05-12 17:56:47.475  INFO 16376 --- [           main] o.apache.catalina.core.StandardService   : Starting service [Tomcat]
2026-05-12 17:56:47.476  INFO 16376 --- [           main] org.apache.catalina.core.StandardEngine  : Starting Servlet engine: [Apache Tomcat/9.0.69]
2026-05-12 17:56:47.579  INFO 16376 --- [           main] o.a.c.c.C.[Tomcat].[localhost].[/]       : Initializing Spring embedded WebApplicationContext
2026-05-12 17:56:47.579  INFO 16376 --- [           main] w.s.c.ServletWebServerApplicationContext : Root WebApplicationContext: initialization completed in 1344 ms
2026-05-12 17:56:47.705  INFO 16376 --- [           main] com.zaxxer.hikari.HikariDataSource       : HikariPool-1 - Starting...
2026-05-12 17:56:48.258  INFO 16376 --- [           main] com.zaxxer.hikari.HikariDataSource       : HikariPool-1 - Start completed.
2026-05-12 17:56:48.271  INFO 16376 --- [           main] com.project.phm.config.DataSeeder        : 演示数据已存在，跳过初始化
2026-05-12 17:56:48.285  INFO 16376 --- [           main] c.project.phm.config.SchemaInitializer   : === 开始初始化飞机构型相关表结构 ===
2026-05-12 17:56:48.296  INFO 16376 --- [           main] c.project.phm.config.SchemaInitializer   : 表 aircraft_model 已就绪
2026-05-12 17:56:48.297  INFO 16376 --- [           main] c.project.phm.config.SchemaInitializer   : 表 aircraft_config 已就绪
2026-05-12 17:56:48.297  INFO 16376 --- [           main] c.project.phm.config.SchemaInitializer   : 表 config_item 已就绪
2026-05-12 17:56:48.297  INFO 16376 --- [           main] c.project.phm.config.SchemaInitializer   : 表 config_data_mapping 已就绪
2026-05-12 17:56:48.298  INFO 16376 --- [           main] c.project.phm.config.SchemaInitializer   : 表 health_record 已就绪
2026-05-12 17:56:48.298  INFO 16376 --- [           main] c.project.phm.config.SchemaInitializer   : === 飞机构型相关表结构初始化完成 ===
 _ _   |_  _ _|_. ___ _ |    _ 
| | |\/|_)(_| | |_\  |_)||_|_\ 
     /               |         
                        3.5.3.1 
2026-05-12 17:56:49.171  INFO 16376 --- [           main] o.s.b.w.embedded.tomcat.TomcatWebServer  : Tomcat started on port(s): 8080 (http) with context path ''
2026-05-12 17:56:49.187  INFO 16376 --- [           main] com.project.phm.PhmApplication           : Started PhmApplication in 3.441 seconds (JVM running for 3.828)
2026-05-12 17:57:01.775  INFO 16376 --- [nio-8080-exec-1] o.a.c.c.C.[Tomcat].[localhost].[/]       : Initializing Spring DispatcherServlet 'dispatcherServlet'
2026-05-12 17:57:01.775  INFO 16376 --- [nio-8080-exec-1] o.s.web.servlet.DispatcherServlet        : Initializing Servlet 'dispatcherServlet'
2026-05-12 17:57:01.776  INFO 16376 --- [nio-8080-exec-1] o.s.web.servlet.DispatcherServlet        : Completed initialization in 1 ms
